[backblue.gif]
[fade.gif]
[index.html]
[www.sjsu.edu/people/cay.horstmann/index.html]
[piazza.com/sjsu/spring2018/cs152sections3and4/home.html]
[www.w3.org/1999/xhtml/index.html]
[www.oracle.com/technetwork/java/javase/downloads/index.html]
[scala-ide.org/download/sdk.html]
[www.sjsu.edu/senate/docs/F69-24.pdf]
[www.sjsu.edu/registrar/tutorials/grade_values.html]
[horstmann.com/sjsu/spring2018/cs152/index.html]
[www.sjsu.edu/registrar/students/grades-grades_changes/grade_symbols_and_values/index.html]
[www.w3.org/StyleSheets/TR/base.css]
[www.sjsu.edu/gup/syllabusinfo/index.html]
[www.w3.org/2008/07/rdfa-xslt]
[www.w3.org/1999/xhtml/index.html]
[horstmann.com/styles.css]
[www.sjsu.edu/people/cay.horstmann/cay.horstmann.png]
[www.sjsu.edu/people/cay.horstmann/index.html]
[piazza.com/css/shared/lib/bootstrap/bootstrap.min.css]
[piazza.com/css/dashboard/topbardc41.css]
[piazza.com/third_party/jquery-ui-bootstrap/css/custom-theme/jquery-ui-1.8.16.custom.css]
[piazza.com/css/class_profile/styledc41.css]
[piazza.com/css/resetdc41.css]
[piazza.com/css/plugins/jqModaldc41.css]
[piazza.com/css/plugins/tipsy.css]
[piazza.com/css/plugins/fancybox-1.3.4.css]
[piazza.com/css/plugins/jquery-ui-1.8.9/jquery-ui-1.8.9.custom.css]
[piazza.com/css/dashboard/styledc41.css]
[piazza.com/css/dashboard/appdc41.css]
[piazza.com/css/dashboard/invite212a.css]
[piazza.com/css/splash/login_onlydc41.css]
[piazza.com/modules/top_bar/top_bardc41.css]
[piazza.com/modules/text_editor/text_editordc41.css]
[piazza.com/sjsu/spring2018/cs152sections3and4/home.html]
[horstmann.com/sjsu/images/tower-hall.jpg]
[horstmann.com/sjsu/fall2008/cs152/francis_fukuyama-the_end_of_history_and_the_last_man.jpg]
[horstmann.com/sjsu/fall2008/cs152/cambrian.jpg]
[horstmann.com/sjsu/fall2008/cs152/scala_logo.png]
[horstmann.com/sjsu/fall2010/cs46a/intro/vermeer-young-woman-seated-at-the-v.jpg]
[horstmann.com/sjsu/spring2018/cs152/lecture1/questions.jpg]
[horstmann.com/sjsu/spring2016/cs49j/lecture0/cheating.jpg]
[horstmann.com/sjsu/spring2018/cs152/lecture1/Octocat.png]
[horstmann.com/sjsu/fall2012/cs46a/lecture1/adding_large.jpg]
[horstmann.com/sjsu/spring2018/cs152/lecture1/today.jpg]
[horstmann.com/sjsu/spring2018/cs152/lecture1/index.html]
[horstmann.com/sjsu/images/lab.jpg]
[horstmann.com/sjsu/spring2018/cs152/lecture2/index.html]
[horstmann.com/sjsu/spring2018/cs152/hw1/index.html]
[horstmann.com/sjsu/spring2018/cs152/lecture3/cons-cells.png]
[horstmann.com/sjsu/spring2018/cs152/lecture3/index.html]
[horstmann.com/sjsu/spring2018/cs152/lecture4/index.html]
[horstmann.com/sjsu/spring2018/cs152/hw2/index.html]
[horstmann.com/sjsu/spring2018/cs152/lecture5/haskell-curry.jpg]
[horstmann.com/sjsu/spring2018/cs152/lecture5/index.html]
[horstmann.com/sjsu/spring2018/cs152/lecture6/scaladoc.png]
[horstmann.com/sjsu/spring2018/cs152/lecture6/Hello-Kitty-Calculator.jpg]
[horstmann.com/sjsu/spring2018/cs152/lecture6/desert-island.jpg]
[horstmann.com/sjsu/spring2018/cs152/lecture6/index.html]
[horstmann.com/sjsu/spring2018/cs152/hw3/index.html]
[horstmann.com/sjsu/spring2018/cs152/lecture7/exprtree.jpg]
[horstmann.com/sjsu/spring2018/cs152/lecture7/index.html]
[horstmann.com/sjsu/spring2018/cs152/lecture7/regex.jpg]
[horstmann.com/sjsu/spring2018/cs152/hw4/phonepad.jpg]
[horstmann.com/sjsu/spring2018/cs152/hw4/index.html]
[horstmann.com/sjsu/spring2018/cs152/lecture8/bintree.png]
[horstmann.com/sjsu/spring2018/cs152/lecture8/exprtree.jpg]
[horstmann.com/sjsu/spring2018/cs152/lecture8/index.html]
[horstmann.com/sjsu/spring2018/cs152/lecture9/parsetree.png]
[horstmann.com/sjsu/spring2018/cs152/lecture9/index.html]
[horstmann.com/sjsu/spring2018/cs152/lecture10/parsetree.png]
[horstmann.com/sjsu/spring2018/cs152/lecture10/exprtree3.png]
[horstmann.com/sjsu/spring2018/cs152/lecture10/index.html]
[horstmann.com/sjsu/spring2018/cs152/hw5/index.html]
[horstmann.com/sjsu/spring2018/cs152/lecture11/exprtree4.png]
[horstmann.com/sjsu/spring2018/cs152/lecture11/iftree1.png]
[horstmann.com/sjsu/spring2018/cs152/lecture11/iftree2.png]
[horstmann.com/sjsu/spring2018/cs152/lecture11/index.html]
[horstmann.com/sjsu/spring2018/cs152/lecture12/index.html]
[horstmann.com/sjsu/spring2018/cs152/hw6/index.html]
[horstmann.com/sjsu/spring2018/cs152/lecture13/index.html]
[horstmann.com/sjsu/spring2018/cs152/lecture14/index.html]
[horstmann.com/sjsu/spring2018/cs152/midterm/practice.html]
[horstmann.com/sjsu/spring2018/cs152/lecture15/wizard-book.jpg]
[horstmann.com/sjsu/spring2018/cs152/lecture15/eval-apply.gif]
[horstmann.com/sjsu/spring2018/cs152/lecture15/alan-turing.jpg]
[horstmann.com/sjsu/spring2018/cs152/lecture15/index.html]
[horstmann.com/sjsu/spring2018/cs152/lecture16/index.html]
[horstmann.com/sjsu/spring2018/cs152/lecture17/index.html]
[info.sjsu.edu/info/img/print.gif]
[info.sjsu.edu/info/img/detail_catalog.jpg]
[info.sjsu.edu/web-dbgen/catalog/departments/CS-courses.html]
[horstmann.com/sjsu/spring2018/cs152/hw1.html]
[horstmann.com/sjsu/spring2018/cs152/www.sjsu.edu/senate/S12-3.html]
[www.oracle.com/us/assets/receiver-style-css.css]
[www.oracle.com/us/assets/subtabs-css.css]
[www.oracle.com/asset/web/css/ocom-mosaic.css;filename_=UTF-8''ocom-mosaic.css]
[www.oracle.com/asset/web/css/master-mosaic.css;filename_=UTF-8''master-mosaic.css]
[www.oracle.com/us/assets/rightarrow-066625.gif]
[www.oracle.com/technetwork/java/javase-2054821.css]
[www.oracle.com/ocom/groups/public/@otn/documents/digitalasset/1612441.png]
[www.oracle.com/ocom/groups/public/@otn/documents/digitalasset/1612444.png]
[www.oracleimg.com/ocom/groups/public/@otn/documents/digitalasset/163335.png]
[www.oracle.com/ocom/groups/public/@ocom/documents/digitalasset/1612430.png]
[www.oracle.com/ocom/groups/public/@otn/documents/digitalasset/121830.gif]
[www.oracle.com/ocom/groups/public/@otn/documents/digitalasset/104150.gif]
[www.oracle.com/us/assets/email.gif]
[www.oracle.com/us/assets/print_icon.gif]
[www.oracle.com/technetwork/java/javase/downloads/index.html]
[scala-ide.org/resources/favicon.ico]
[scala-ide.org/resources/stylesheets/jquery.tweet.css]
[scala-ide.org/resources/stylesheets/bootstrap.css]
[scala-ide.org/resources/stylesheets/base.css]
[scala-ide.org/resources/stylesheets/doc.css]
[scala-ide.org/resources/images/logo.png]
[scala-ide.org/resources/images/sdk-4.0.0.png]
[scala-ide.org/resources/images/watermark.png]
[scala-ide.org/resources/images/rss.png]
[scala-ide.org/download/sdk.html]
[horstmann.com/sjsu/spring2018/cs152/vm.html]
[www.sjsu.edu/registrar/students/grades-grades_changes/grade_symbols_and_values/index.html]
[www.sjsu.edu/registrar/tutorials/grade_values.html]
[www.sjsu.edu/gup/pics/SJSU_WritingCenter_QRCode.png]
[www.sjsu.edu/gup/syllabusinfo/index.html]
[www.w3.org/StyleSheets/TR/base.css]
[www.sjsu.edu/_resources/css/jquery.lightbox-0.5.css]
[www.sjsu.edu/_resources/css/nivo-slider-em.css]
[www.sjsu.edu/_resources/css/styles-em.css]
[www.sjsu.edu/_resources/css/fontfix.css]
[www.sjsu.edu/_resources/css/content-enhancements.css]
[www.sjsu.edu/_resources/css/print.css]
[www.sjsu.edu/_resources/css/faculty-profile.css]
[piazza.com/css/shared/lib/bootstrap/bootstrap.min.css]
[piazza.com/css/dashboard/topbardc41.css]
[piazza.com/third_party/jquery-ui-bootstrap/css/custom-theme/jquery-ui-1.8.16.custom.css]
[piazza.com/css/class_profile/styledc41.css]
[piazza.com/css/resetdc41.css]
[piazza.com/css/plugins/jqModaldc41.css]
[piazza.com/css/plugins/tipsy.css]
[piazza.com/css/plugins/fancybox-1.3.4.css]
[piazza.com/css/plugins/jquery-ui-1.8.9/jquery-ui-1.8.9.custom.css]
[piazza.com/css/dashboard/styledc41.css]
[piazza.com/css/dashboard/appdc41.css]
[piazza.com/css/dashboard/invite212a.css]
[piazza.com/css/splash/login_onlydc41.css]
[piazza.com/modules/top_bar/top_bardc41.css]
[piazza.com/modules/text_editor/text_editordc41.css]
[horstmann.com/Slidy2/styles/slidy.css]
[horstmann.com/MySlidy/style.css]
[horstmann.com/sjsu/sjsu/images/lab.html]
[www.sjsu.edu/sjsuhome/assets/css/jquery.lightbox-0.5.css]
[www.sjsu.edu/sjsuhome/assets/css/nivo-slider-em.css]
[www.sjsu.edu/sjsuhome/assets/css/styles-em.css]
[www.sjsu.edu/sjsuhome/assets/css/fontfix.css]
[www.sjsu.edu/sjsuhome/assets/css/content-enhancements.css]
[info.sjsu.edu/info/css/print.css]
[info.sjsu.edu/info/css/info.css]
[www.oracle.com/us/assets/receiver-style-css.css]
[www.oracle.com/us/assets/subtabs-css.css]
[www.oracle.com/asset/web/css/ocom-mosaic.css;filename_=UTF-8''ocom-mosaic.css]
[www.oracle.com/asset/web/css/master-mosaic.css;filename_=UTF-8''master-mosaic.css]
[www.oracle.com/technetwork/java/javase-2054821.css]
[scala-ide.org/resources/stylesheets/jquery.tweet.css]
[scala-ide.org/resources/stylesheets/bootstrap.css]
[scala-ide.org/resources/stylesheets/base.css]
[scala-ide.org/resources/stylesheets/doc.css]
[www.sjsu.edu/sjsuhome/assets/css/print.css]
